
> minimal-express-app@1.0.0 dev
> nodemon src/server.js

[33m[nodemon] 3.1.9[39m
[33m[nodemon] to restart at any time, enter `rs`[39m
[33m[nodemon] watching path(s): src/**/*[39m
[33m[nodemon] watching extensions: js,json[39m
[32m[nodemon] starting `node src/server.js`[39m
Executing (default): SELECT 1+1 AS result
Database connection established
Executing (default): SELECT name FROM sqlite_master WHERE type='table' AND name='Users';
Executing (default): PRAGMA INDEX_LIST(`Users`)
Executing (default): PRAGMA INDEX_INFO(`sqlite_autoindex_Users_1`)
Executing (default): SELECT name FROM sqlite_master WHERE type='table' AND name='Profiles';
Executing (default): PRAGMA INDEX_LIST(`Profiles`)
Executing (default): SELECT name FROM sqlite_master WHERE type='table' AND name='WorkoutSessions';
Executing (default): PRAGMA INDEX_LIST(`WorkoutSessions`)
Database synchronized
Server running at http://0.0.0.0:3001
[32m[nodemon] restarting due to changes...[39m
[32m[nodemon] starting `node src/server.js`[39m
Executing (default): SELECT 1+1 AS result
Database connection established
Executing (default): SELECT name FROM sqlite_master WHERE type='table' AND name='Users';
Executing (default): PRAGMA INDEX_LIST(`Users`)
Executing (default): PRAGMA INDEX_INFO(`sqlite_autoindex_Users_1`)
Executing (default): SELECT name FROM sqlite_master WHERE type='table' AND name='Profiles';
Executing (default): PRAGMA INDEX_LIST(`Profiles`)
Executing (default): SELECT name FROM sqlite_master WHERE type='table' AND name='WorkoutSessions';
Executing (default): PRAGMA INDEX_LIST(`WorkoutSessions`)
Database synchronized
Server running at http://0.0.0.0:3001
[32m[nodemon] restarting due to changes...[39m
[32m[nodemon] starting `node src/server.js`[39m
Executing (default): SELECT 1+1 AS result
DB connected
Executing (default): SELECT name FROM sqlite_master WHERE type='table' AND name='Users';
Executing (default): PRAGMA INDEX_LIST(`Users`)
Executing (default): PRAGMA INDEX_INFO(`sqlite_autoindex_Users_1`)
Executing (default): SELECT name FROM sqlite_master WHERE type='table' AND name='Profiles';
Executing (default): PRAGMA INDEX_LIST(`Profiles`)
Executing (default): SELECT name FROM sqlite_master WHERE type='table' AND name='WorkoutSessions';
Executing (default): PRAGMA INDEX_LIST(`WorkoutSessions`)
DB synchronized
Fitness backend running at http://0.0.0.0:3001
[32m[nodemon] restarting due to changes...[39m
[32m[nodemon] starting `node src/server.js`[39m
Executing (default): SELECT 1+1 AS result
DB connected
Executing (default): SELECT name FROM sqlite_master WHERE type='table' AND name='Users';
Executing (default): PRAGMA INDEX_LIST(`Users`)
Executing (default): PRAGMA INDEX_INFO(`sqlite_autoindex_Users_1`)
Executing (default): SELECT name FROM sqlite_master WHERE type='table' AND name='Profiles';
Executing (default): PRAGMA INDEX_LIST(`Profiles`)
Executing (default): SELECT name FROM sqlite_master WHERE type='table' AND name='WorkoutSessions';
Executing (default): PRAGMA INDEX_LIST(`WorkoutSessions`)
DB synchronized
Fitness backend running at http://0.0.0.0:3001
[32m[nodemon] restarting due to changes...[39m
[32m[nodemon] starting `node src/server.js`[39m
DB connected
DB synchronized
Fitness backend running at http://0.0.0.0:3001
[32m[nodemon] restarting due to changes...[39m
[32m[nodemon] starting `node src/server.js`[39m
DB connected
DB synchronized
Fitness backend running at http://0.0.0.0:3001
[32m[nodemon] restarting due to changes...[39m
[32m[nodemon] starting `node src/server.js`[39m
DB connected
DB synchronized
Fitness backend running at http://0.0.0.0:3001
[32m[nodemon] restarting due to changes...[39m
[32m[nodemon] starting `node src/server.js`[39m
DB connected
DB synchronized
Fitness backend running at http://0.0.0.0:3001
[32m[nodemon] restarting due to changes...[39m
[32m[nodemon] starting `node src/server.js`[39m
DB connected
DB synchronized
Fitness backend running at http://0.0.0.0:3001
[32m[nodemon] restarting due to changes...[39m
[32m[nodemon] starting `node src/server.js`[39m
[32m[nodemon] restarting due to changes...[39m
[32m[nodemon] starting `node src/server.js`[39m
[32m[nodemon] restarting due to changes...[39m
[32m[nodemon] starting `node src/server.js`[39m
DB connected
DB synchronized
Fitness backend running at http://0.0.0.0:3001
[32m[nodemon] restarting due to changes...[39m
[32m[nodemon] starting `node src/server.js`[39m
DB connected
DB synchronized
Fitness backend running at http://0.0.0.0:3001
[32m[nodemon] restarting due to changes...[39m
[32m[nodemon] starting `node src/server.js`[39m
DB connected
DB synchronized
Fitness backend running at http://0.0.0.0:3001
[32m[nodemon] restarting due to changes...[39m
[32m[nodemon] starting `node src/server.js`[39m
DB connected
DB synchronized
Fitness backend running at http://0.0.0.0:3001
[32m[nodemon] restarting due to changes...[39m
[32m[nodemon] starting `node src/server.js`[39m
DB connected
DB synchronized
Fitness backend running at http://0.0.0.0:3001
[32m[nodemon] restarting due to changes...[39m
[32m[nodemon] starting `node src/server.js`[39m
DB connected
DB synchronized
Fitness backend running at http://0.0.0.0:3001
[32m[nodemon] restarting due to changes...[39m
[32m[nodemon] starting `node src/server.js`[39m
DB connected
DB synchronized
Fitness backend running at http://0.0.0.0:3001
[32m[nodemon] restarting due to changes...[39m
[32m[nodemon] starting `node src/server.js`[39m
DB connected
DB synchronized
Fitness backend running at http://0.0.0.0:3001
[32m[nodemon] restarting due to changes...[39m
[32m[nodemon] starting `node src/server.js`[39m
DB connected
DB synchronized
Fitness backend running at http://0.0.0.0:3001
[32m[nodemon] restarting due to changes...[39m
[32m[nodemon] starting `node src/server.js`[39m
[32m[nodemon] restarting due to changes...[39m
[32m[nodemon] restarting due to changes...[39m
[32m[nodemon] starting `node src/server.js`[39m
DB connected
DB synchronized
Fitness backend running at http://0.0.0.0:3001
[32m[nodemon] restarting due to changes...[39m
[32m[nodemon] starting `node src/server.js`[39m
DB connected
DB synchronized
Fitness backend running at http://0.0.0.0:3001
[32m[nodemon] restarting due to changes...[39m
[32m[nodemon] starting `node src/server.js`[39m
DB connected
DB synchronized
Fitness backend running at http://0.0.0.0:3001
[32m[nodemon] restarting due to changes...[39m
[32m[nodemon] starting `node src/server.js`[39m
DB connected
DB synchronized
Fitness backend running at http://0.0.0.0:3001
[32m[nodemon] restarting due to changes...[39m
[32m[nodemon] starting `node src/server.js`[39m
DB connected
DB synchronized
Fitness backend running at http://0.0.0.0:3001
